// Jest Snapshot v1, https://goo.gl/fbAQLP

exports[`useService must trigger dependencies 1`] = `
<div
  id="sample-page"
>
  {"url":"/account"}
  {"url":"/alert"}
  {"url":"/alert"}
</div>
`;
